==========================================
{fold, path} vu-narrow {delay, filter} [1] in QLOCK : {RWPSET | queue: Q} =>* {
    (pc[P]: cs) PSET | queue: Q'} .

state: {pc[@1:Pid]: cs | queue: @1:Pid | @2:Queue{Pid}}
accumulated substitution:
RWPSET --> pc[@1:Pid]: ws
Q --> @1:Pid | @2:Queue{Pid}
variant unifier:
PSET --> void
P --> %1:Pid
Q' --> %1:Pid | %2:Queue{Pid}
@1:Pid --> %1:Pid
@2:Queue{Pid} --> %2:Queue{Pid}
==========================================
{fold, path} vu-narrow {delay, filter} [1] in QLOCK : {RWPSET | queue: Q} =>* {
    (pc[P]: cs) (pc[P']: cs) PSET | queue: Q'} .

No solution.
Bye.
